=== Starting Ingestion for DU B Unit, C Unit, and Technology Unit ===

======================================================
>>> Starting: DU B Unit (Arts / Humanities) (33 Exams) <<<
======================================================

[DU B Unit (Arts / Humanities) 1/33] Fetching Chorcha Exam ID: VFFNVKqBny6GwZ0q...
Created Exam Sheet: "DU B 01-02" (du-b-01-02) with 92 questions
Successfully ingested all questions for "DU B 01-02"!

[DU B Unit (Arts / Humanities) 2/33] Fetching Chorcha Exam ID: P_AQptB0AxbpISAs...
Created Exam Sheet: "DU B 06-07" (du-b-06-07) with 95 questions
Successfully ingested all questions for "DU B 06-07"!

[DU B Unit (Arts / Humanities) 3/33] Fetching Chorcha Exam ID: kBqmOw1GFetxBYf7...
Created Exam Sheet: "DU B 07-08" (du-b-07-08) with 95 questions
Successfully ingested all questions for "DU B 07-08"!

[DU B Unit (Arts / Humanities) 4/33] Fetching Chorcha Exam ID: uIWQpZnUfn3ckfeJ...
Created Exam Sheet: "DU B 09-10" (du-b-09-10) with 94 questions
Successfully ingested all questions for "DU B 09-10"!

[DU B Unit (Arts / Humanities) 5/33] Fetching Chorcha Exam ID: risSK6AAa_vbwK1F...
Created Exam Sheet: "DU B 10-11" (du-b-10-11) with 94 questions
Successfully ingested all questions for "DU B 10-11"!

[DU B Unit (Arts / Humanities) 6/33] Fetching Chorcha Exam ID: ifSitG4868rz3Vmr...
Created Exam Sheet: "DU B 11-12" (du-b-11-12) with 89 questions
Successfully ingested all questions for "DU B 11-12"!

[DU B Unit (Arts / Humanities) 7/33] Fetching Chorcha Exam ID: FgmmKHg37CW9tP_X...
Created Exam Sheet: "DU B 12-13" (du-b-12-13) with 96 questions
Successfully ingested all questions for "DU B 12-13"!

[DU B Unit (Arts / Humanities) 8/33] Fetching Chorcha Exam ID: U1Y9-efjxSQbj4-e...
Created Exam Sheet: "DU B 14-15" (du-b-14-15) with 93 questions
Successfully ingested all questions for "DU B 14-15"!

[DU B Unit (Arts / Humanities) 9/33] Fetching Chorcha Exam ID: qeCsjtkvcrg1scCx...
Created Exam Sheet: "DU B 17-18" (du-b-17-18) with 95 questions
Successfully ingested all questions for "DU B 17-18"!

[DU B Unit (Arts / Humanities) 10/33] Fetching Chorcha Exam ID: xOI4k_wu800--2Cl...
Created Exam Sheet: "DU B 18-19" (du-b-18-19) with 97 questions
Successfully ingested all questions for "DU B 18-19"!

[DU B Unit (Arts / Humanities) 11/33] Fetching Chorcha Exam ID: mtNlqBUH1gnM9pKy...
Created Exam Sheet: "DU B 19-20" (du-b-19-20) with 60 questions
Successfully ingested all questions for "DU B 19-20"!

[DU B Unit (Arts / Humanities) 12/33] Fetching Chorcha Exam ID: MPSvHK6UH4cfdMOr...
Created Exam Sheet: "DU B 20-21" (du-b-20-21) with 60 questions
Successfully ingested all questions for "DU B 20-21"!

[DU B Unit (Arts / Humanities) 13/33] Fetching Chorcha Exam ID: mdBRdJqm6g41XSL8...
Created Exam Sheet: "DU B 21-22" (du-b-21-22) with 60 questions
Successfully ingested all questions for "DU B 21-22"!

[DU B Unit (Arts / Humanities) 14/33] Fetching Chorcha Exam ID: 2bHp7a1zYcsqyqFN...
Created Exam Sheet: "DU B 24-25 (MCQ)" (du-b-24-25-mcq) with 60 questions
Successfully ingested all questions for "DU B 24-25 (MCQ)"!

[DU B Unit (Arts / Humanities) 15/33] Fetching Chorcha Exam ID: _K8mO8RRhZ3XJuZ_...
Created Exam Sheet: "DU B 24-25 (Written)" (du-b-24-25-written) with 6 questions
Successfully ingested all questions for "DU B 24-25 (Written)"!

[DU B Unit (Arts / Humanities) 16/33] Fetching Chorcha Exam ID: 1Jgw9lD89MSaFHdt...
Created Exam Sheet: "DU B 25-26(Mcq) " (du-b-25-26-mcq) with 60 questions
Successfully ingested all questions for "DU B 25-26(Mcq) "!

[DU B Unit (Arts / Humanities) 17/33] Fetching Chorcha Exam ID: PKZ4wABXgzVZ9gXx...
Created Exam Sheet: "DU B 25-26(written)" (du-b-25-26-written) with 7 questions
Successfully ingested all questions for "DU B 25-26(written)"!

[DU B Unit (Arts / Humanities) 18/33] Fetching Chorcha Exam ID: as1ceQBq13iJ6Zlq...
Created Exam Sheet: "DU C 24-25 MCQ (Non-Commerce)" (du-c-24-25-mcq-non-commerce) with 108 questions
Successfully ingested all questions for "DU C 24-25 MCQ (Non-Commerce)"!

[DU B Unit (Arts / Humanities) 19/33] Fetching Chorcha Exam ID: 3U0lp4WNqxhReW-4...
Created Exam Sheet: "DU-B 02-03" (du-b-02-03) with 96 questions
Successfully ingested all questions for "DU-B 02-03"!

[DU B Unit (Arts / Humanities) 20/33] Fetching Chorcha Exam ID: RsdNaZ-OdcHjLAXv...
Created Exam Sheet: "DU-B 03-04" (du-b-03-04) with 93 questions
Successfully ingested all questions for "DU-B 03-04"!

[DU B Unit (Arts / Humanities) 21/33] Fetching Chorcha Exam ID: 0P7XHG3vHdaOkmyP...
Created Exam Sheet: "DU-B 04-05" (du-b-04-05) with 94 questions
Successfully ingested all questions for "DU-B 04-05"!

[DU B Unit (Arts / Humanities) 22/33] Fetching Chorcha Exam ID: aBfGtGnf-YFn_T4W...
Created Exam Sheet: "DU-B 05-06" (du-b-05-06) with 93 questions
Successfully ingested all questions for "DU-B 05-06"!

[DU B Unit (Arts / Humanities) 23/33] Fetching Chorcha Exam ID: mw6pwby5J12aUGJy...
Created Exam Sheet: "DU-B 08-09" (du-b-08-09) with 94 questions
Successfully ingested all questions for "DU-B 08-09"!

[DU B Unit (Arts / Humanities) 24/33] Fetching Chorcha Exam ID: xhNcDT9DILVZjyZC...
Created Exam Sheet: "DU-B 13-14" (du-b-13-14) with 94 questions
Successfully ingested all questions for "DU-B 13-14"!

[DU B Unit (Arts / Humanities) 25/33] Fetching Chorcha Exam ID: 4dC7_Z9dJjU3UD4W...
Created Exam Sheet: "DU-B 15-16" (du-b-15-16) with 91 questions
Successfully ingested all questions for "DU-B 15-16"!

[DU B Unit (Arts / Humanities) 26/33] Fetching Chorcha Exam ID: I9sI4SaC5aDMTDNw...
Created Exam Sheet: "DU-B 16-17" (du-b-16-17) with 94 questions
Successfully ingested all questions for "DU-B 16-17"!

[DU B Unit (Arts / Humanities) 27/33] Fetching Chorcha Exam ID: ZoC_Lyqih94N7LfM...
Created Exam Sheet: "DU-B 19-20 (Written)" (du-b-19-20-written) with 7 questions
Successfully ingested all questions for "DU-B 19-20 (Written)"!

[DU B Unit (Arts / Humanities) 28/33] Fetching Chorcha Exam ID: xWdAm5U1PB9-Z1Ie...
Created Exam Sheet: "DU-B 20-21 (Written)" (du-b-20-21-written) with 6 questions
Successfully ingested all questions for "DU-B 20-21 (Written)"!

[DU B Unit (Arts / Humanities) 29/33] Fetching Chorcha Exam ID: o9LSS2sIwKHDN-Ma...
Created Exam Sheet: "DU-B 21-22 (Written)" (du-b-21-22-written) with 6 questions
Successfully ingested all questions for "DU-B 21-22 (Written)"!

[DU B Unit (Arts / Humanities) 30/33] Fetching Chorcha Exam ID: aSw8bT6j-rCnm94J...
Created Exam Sheet: "DU-B 22-23" (du-b-22-23) with 60 questions
Successfully ingested all questions for "DU-B 22-23"!

[DU B Unit (Arts / Humanities) 31/33] Fetching Chorcha Exam ID: lcsBZ0TiUQO4AaeL...
Created Exam Sheet: "DU-B 22-23 (Written)" (du-b-22-23-written) with 6 questions
Successfully ingested all questions for "DU-B 22-23 (Written)"!

[DU B Unit (Arts / Humanities) 32/33] Fetching Chorcha Exam ID: Yb3ntazXb39qGFMI...
Created Exam Sheet: "DU-B 23-24" (du-b-23-24) with 60 questions
Successfully ingested all questions for "DU-B 23-24"!

[DU B Unit (Arts / Humanities) 33/33] Fetching Chorcha Exam ID: BA87TJxhQ-LW1WvF...
Created Exam Sheet: "DU-B 23-24 (Written)" (du-b-23-24-written) with 7 questions
Successfully ingested all questions for "DU-B 23-24 (Written)"!

======================================================
>>> Starting: DU C Unit (Commerce / Business Studies) (36 Exams) <<<
======================================================

[DU C Unit (Commerce / Business Studies) 1/36] Fetching Chorcha Exam ID: 2F3uir9q63MgD0nb...
Created Exam Sheet: "DU C 01-02 (MCQ)" (du-c-01-02-mcq) with 90 questions
Successfully ingested all questions for "DU C 01-02 (MCQ)"!

[DU C Unit (Commerce / Business Studies) 2/36] Fetching Chorcha Exam ID: Bk60nDxS7YJ0yPrF...
Created Exam Sheet: "DU C 02-03 (MCQ)" (du-c-02-03-mcq) with 94 questions
Successfully ingested all questions for "DU C 02-03 (MCQ)"!

[DU C Unit (Commerce / Business Studies) 3/36] Fetching Chorcha Exam ID: yCF2R5N_SC-NkmXB...
Created Exam Sheet: "DU C 03-04 (MCQ)" (du-c-03-04-mcq) with 90 questions
Successfully ingested all questions for "DU C 03-04 (MCQ)"!

[DU C Unit (Commerce / Business Studies) 4/36] Fetching Chorcha Exam ID: P_WiFRKRXdSTtNRy...
Created Exam Sheet: "DU C 04-05 (MCQ)" (du-c-04-05-mcq) with 85 questions
Successfully ingested all questions for "DU C 04-05 (MCQ)"!

[DU C Unit (Commerce / Business Studies) 5/36] Fetching Chorcha Exam ID: h0pH_py_erPwRlvw...
Created Exam Sheet: "DU C 05-06 (MCQ)" (du-c-05-06-mcq) with 94 questions
Successfully ingested all questions for "DU C 05-06 (MCQ)"!

[DU C Unit (Commerce / Business Studies) 6/36] Fetching Chorcha Exam ID: gHB3YPe7CMGw8LQT...
Created Exam Sheet: "DU C 06-07 (MCQ)" (du-c-06-07-mcq) with 89 questions
Successfully ingested all questions for "DU C 06-07 (MCQ)"!

[DU C Unit (Commerce / Business Studies) 7/36] Fetching Chorcha Exam ID: fOjnCm4XZOPMpii5...
Created Exam Sheet: "DU C 07-08 (MCQ)" (du-c-07-08-mcq) with 93 questions
Successfully ingested all questions for "DU C 07-08 (MCQ)"!

[DU C Unit (Commerce / Business Studies) 8/36] Fetching Chorcha Exam ID: xfAw1XSx4wjdXggw...
Created Exam Sheet: "DU C 08-09 (MCQ)" (du-c-08-09-mcq) with 86 questions
Successfully ingested all questions for "DU C 08-09 (MCQ)"!

[DU C Unit (Commerce / Business Studies) 9/36] Fetching Chorcha Exam ID: uUvjXVhpl7hC6rIq...
Created Exam Sheet: "DU C 09-10 (MCQ)" (du-c-09-10-mcq) with 90 questions
Successfully ingested all questions for "DU C 09-10 (MCQ)"!

[DU C Unit (Commerce / Business Studies) 10/36] Fetching Chorcha Exam ID: JD_-WV-5x_ZOEzjD...
Created Exam Sheet: "DU C 10-11 (MCQ)" (du-c-10-11-mcq) with 91 questions
Successfully ingested all questions for "DU C 10-11 (MCQ)"!

[DU C Unit (Commerce / Business Studies) 11/36] Fetching Chorcha Exam ID: ZBNuk6vA8t6IbEBp...
Created Exam Sheet: "DU C 11-12 (MCQ)" (du-c-11-12-mcq) with 91 questions
Successfully ingested all questions for "DU C 11-12 (MCQ)"!

[DU C Unit (Commerce / Business Studies) 12/36] Fetching Chorcha Exam ID: EHc_FrGm6Cx6kh3G...
Created Exam Sheet: "DU C 12-13 (MCQ)" (du-c-12-13-mcq) with 93 questions
Successfully ingested all questions for "DU C 12-13 (MCQ)"!

[DU C Unit (Commerce / Business Studies) 13/36] Fetching Chorcha Exam ID: gem7o_27nWo6X5m-...
Created Exam Sheet: "DU C 13-14 (MCQ)" (du-c-13-14-mcq) with 84 questions
Successfully ingested all questions for "DU C 13-14 (MCQ)"!

[DU C Unit (Commerce / Business Studies) 14/36] Fetching Chorcha Exam ID: 5_xHnYjLoQxuQBU4...
Created Exam Sheet: "DU C 14-15 (MCQ)" (du-c-14-15-mcq) with 94 questions
Successfully ingested all questions for "DU C 14-15 (MCQ)"!

[DU C Unit (Commerce / Business Studies) 15/36] Fetching Chorcha Exam ID: LzN3Ca_WmzFl6XX3...
Created Exam Sheet: "DU C 15-16 (MCQ)" (du-c-15-16-mcq) with 113 questions
Successfully ingested all questions for "DU C 15-16 (MCQ)"!

[DU C Unit (Commerce / Business Studies) 16/36] Fetching Chorcha Exam ID: 97NKML211t57ZMdf...
Created Exam Sheet: "DU C 16-17 (MCQ)" (du-c-16-17-mcq) with 105 questions
Successfully ingested all questions for "DU C 16-17 (MCQ)"!

[DU C Unit (Commerce / Business Studies) 17/36] Fetching Chorcha Exam ID: eaFuqQVLf2E07U1Y...
Created Exam Sheet: "DU C 17-18 (MCQ)" (du-c-17-18-mcq) with 111 questions
Successfully ingested all questions for "DU C 17-18 (MCQ)"!

[DU C Unit (Commerce / Business Studies) 18/36] Fetching Chorcha Exam ID: MSp-LOU-JMJnt1KY...
Created Exam Sheet: "DU C 18-19 (MCQ)" (du-c-18-19-mcq) with 116 questions
Successfully ingested all questions for "DU C 18-19 (MCQ)"!

[DU C Unit (Commerce / Business Studies) 19/36] Fetching Chorcha Exam ID: z9rAy_VuPwmEeH4W...
Created Exam Sheet: "DU C 19-20 (MCQ)" (du-c-19-20-mcq) with 72 questions
Successfully ingested all questions for "DU C 19-20 (MCQ)"!

[DU C Unit (Commerce / Business Studies) 20/36] Fetching Chorcha Exam ID: 2oPmcxxXgO-9hjJY...
Created Exam Sheet: "DU C 19-20 (Written)" (du-c-19-20-written) with 6 questions
Successfully ingested all questions for "DU C 19-20 (Written)"!

[DU C Unit (Commerce / Business Studies) 21/36] Fetching Chorcha Exam ID: 6U0ElnBIN7tEfHWf...
Created Exam Sheet: "DU C 20-21 (MCQ)" (du-c-20-21-mcq) with 72 questions
Successfully ingested all questions for "DU C 20-21 (MCQ)"!

[DU C Unit (Commerce / Business Studies) 22/36] Fetching Chorcha Exam ID: pHUrzvl_QOw1tNOg...
Created Exam Sheet: "DU C 20-21 (Written)" (du-c-20-21-written) with 7 questions
Successfully ingested all questions for "DU C 20-21 (Written)"!

[DU C Unit (Commerce / Business Studies) 23/36] Fetching Chorcha Exam ID: j7_wfTuKSapRaDWE...
Created Exam Sheet: "DU C 2025-26 (MCQ)" (du-c-2025-26-mcq) with 72 questions
Successfully ingested all questions for "DU C 2025-26 (MCQ)"!

[DU C Unit (Commerce / Business Studies) 24/36] Fetching Chorcha Exam ID: byUr2lbArctaxHB0...
Created Exam Sheet: "DU C 2025-26 (MCQ-Non Commerce)" (du-c-2025-26-mcq-non-commerce) with 108 questions
Successfully ingested all questions for "DU C 2025-26 (MCQ-Non Commerce)"!

[DU C Unit (Commerce / Business Studies) 25/36] Fetching Chorcha Exam ID: C_1U1RHGy5UDXK29...
Created Exam Sheet: "DU C 2025-26 (Written)" (du-c-2025-26-written) with 36 questions
Successfully ingested all questions for "DU C 2025-26 (Written)"!

[DU C Unit (Commerce / Business Studies) 26/36] Fetching Chorcha Exam ID: 4RbIokC62yUxB1EX...
Created Exam Sheet: "DU C 2025-26 (Written-Non Commerce)" (du-c-2025-26-written-non-commerce) with 44 questions
Successfully ingested all questions for "DU C 2025-26 (Written-Non Commerce)"!

[DU C Unit (Commerce / Business Studies) 27/36] Fetching Chorcha Exam ID: WZ0Nbr0CiYhXaj2U...
Created Exam Sheet: "DU C 21-22 (MCQ)" (du-c-21-22-mcq) with 72 questions
Successfully ingested all questions for "DU C 21-22 (MCQ)"!

[DU C Unit (Commerce / Business Studies) 28/36] Fetching Chorcha Exam ID: fS1TCSjm6qukdVv-...
Created Exam Sheet: "DU C 21-22 (Written)" (du-c-21-22-written) with 8 questions
Successfully ingested all questions for "DU C 21-22 (Written)"!

[DU C Unit (Commerce / Business Studies) 29/36] Fetching Chorcha Exam ID: nN1eerp-XmQUgT3x...
Created Exam Sheet: "DU C 22-23 (MCQ)" (du-c-22-23-mcq) with 72 questions
Successfully ingested all questions for "DU C 22-23 (MCQ)"!

[DU C Unit (Commerce / Business Studies) 30/36] Fetching Chorcha Exam ID: zC02Ax-Ox6ISvzta...
Created Exam Sheet: "DU C 22-23 (Written)" (du-c-22-23-written) with 8 questions
Successfully ingested all questions for "DU C 22-23 (Written)"!

[DU C Unit (Commerce / Business Studies) 31/36] Fetching Chorcha Exam ID: ktnuEzhDLH0AWV5I...
Created Exam Sheet: "DU C 23-24 (MCQ)" (du-c-23-24-mcq) with 72 questions
Successfully ingested all questions for "DU C 23-24 (MCQ)"!

[DU C Unit (Commerce / Business Studies) 32/36] Fetching Chorcha Exam ID: 83tmYY_1NX78c7GD...
Created Exam Sheet: "DU C 23-24 (Written)" (du-c-23-24-written) with 8 questions
Successfully ingested all questions for "DU C 23-24 (Written)"!

[DU C Unit (Commerce / Business Studies) 33/36] Fetching Chorcha Exam ID: vzx9DX9IZONvrF34...
Created Exam Sheet: "DU C 24-25 (Written)" (du-c-24-25-written) with 8 questions
Successfully ingested all questions for "DU C 24-25 (Written)"!

[DU C Unit (Commerce / Business Studies) 34/36] Fetching Chorcha Exam ID: as1ceQBq13iJ6Zlq...
Created Exam Sheet: "DU C 24-25 MCQ (Non-Commerce)" (du-c-24-25-mcq-non-commerce) with 108 questions
Successfully ingested all questions for "DU C 24-25 MCQ (Non-Commerce)"!

[DU C Unit (Commerce / Business Studies) 35/36] Fetching Chorcha Exam ID: jFWfn-jqH8HADuYt...
Created Exam Sheet: "DU C 24-25 MCQ(Cancelled)" (du-c-24-25-mcq-cancelled) with 72 questions
Successfully ingested all questions for "DU C 24-25 MCQ(Cancelled)"!

[DU C Unit (Commerce / Business Studies) 36/36] Fetching Chorcha Exam ID: Bjx_oIfLwCFHQmig...
Created Exam Sheet: "DU C 24-25(Re-Exam)" (du-c-24-25-re-exam) with 72 questions
Successfully ingested all questions for "DU C 24-25(Re-Exam)"!

======================================================
>>> Starting: DU Technology Unit (5 Exams) <<<
======================================================

[DU Technology Unit 1/5] Fetching Chorcha Exam ID: zJ9l0ED74C_m9uZQ...
Created Exam Sheet: "ঢাকা বিশ্ববিদ্যালয় প্রযুক্তি ইউনিট ২০২১ -২২" () with 120 questions
Successfully ingested all questions for "ঢাকা বিশ্ববিদ্যালয় প্রযুক্তি ইউনিট ২০২১ -২২"!

[DU Technology Unit 2/5] Fetching Chorcha Exam ID: jPJyrwUyZ8EU_h5G...
Exam sheet "ঢাকা বিশ্ববিদ্যালয় প্রযুক্তি ইউনিট ২০২২-২৩  " already exists (01a10375-c61b-75ee-81b2-26643b76ba1b). Skipping re-insert.

[DU Technology Unit 3/5] Fetching Chorcha Exam ID: Ep_BKGLz-jei3knE...
Exam sheet "ঢাকা বিশ্ববিদ্যালয় প্রযুক্তি ইউনিট ২০২৩-২৪ " already exists (01a10375-c61b-75ee-81b2-26643b76ba1b). Skipping re-insert.

[DU Technology Unit 4/5] Fetching Chorcha Exam ID: Gpe_p3MpMCI6z8Kj...
Exam sheet "ঢাকা বিশ্ববিদ্যালয় প্রযুক্তি ইউনিট ২০২৪-২৫" already exists (01a10375-c61b-75ee-81b2-26643b76ba1b). Skipping re-insert.

[DU Technology Unit 5/5] Fetching Chorcha Exam ID: mSm_VqaXeF5Ggrfb...
Exam sheet "ঢাকা বিশ্ববিদ্যালয় প্রযুক্তি ইউনিট ২০২৫-২৬" already exists (01a10375-c61b-75ee-81b2-26643b76ba1b). Skipping re-insert.

--- All units ingested! Recalculating counts across database... ---
{
  severity_local: "NOTICE",
  severity: "NOTICE",
  code: "42701",
  message: "column \"subject_count\" of relation \"qb_targets\" already exists, skipping",
  file: "tablecmds.c",
  line: "7688",
  routine: "check_for_column_name_collision",
}
{
  severity_local: "NOTICE",
  severity: "NOTICE",
  code: "42701",
  message: "column \"question_count\" of relation \"qb_targets\" already exists, skipping",
  file: "tablecmds.c",
  line: "7688",
  routine: "check_for_column_name_collision",
}
{
  severity_local: "NOTICE",
  severity: "NOTICE",
  code: "42701",
  message: "column \"chapter_count\" of relation \"qb_subjects\" already exists, skipping",
  file: "tablecmds.c",
  line: "7688",
  routine: "check_for_column_name_collision",
}
{
  severity_local: "NOTICE",
  severity: "NOTICE",
  code: "42701",
  message: "column \"question_count\" of relation \"qb_subjects\" already exists, skipping",
  file: "tablecmds.c",
  line: "7688",
  routine: "check_for_column_name_collision",
}
{
  severity_local: "NOTICE",
  severity: "NOTICE",
  code: "42701",
  message: "column \"question_count\" of relation \"qb_chapters\" already exists, skipping",
  file: "tablecmds.c",
  line: "7688",
  routine: "check_for_column_name_collision",
}
{
  severity_local: "NOTICE",
  severity: "NOTICE",
  code: "42701",
  message: "column \"question_count\" of relation \"qb_topics\" already exists, skipping",
  file: "tablecmds.c",
  line: "7688",
  routine: "check_for_column_name_collision",
}
{
  severity_local: "NOTICE",
  severity: "NOTICE",
  code: "42701",
  message: "column \"question_count\" of relation \"qb_sources\" already exists, skipping",
  file: "tablecmds.c",
  line: "7688",
  routine: "check_for_column_name_collision",
}
=== All Ingestion and Recalculations Completed Successfully! ===
