=== PAWS ACADEMY MEDICAL QB INGESTION & S3 SYNC ===

======================================================
>>> Starting Scraper for: Medical Admission (MBBS) (-KjN72iFB8)
======================================================
Fetching topic hierarchy from Chorcha...
Chorcha nodes mapped: 11221
  Fetched page 1: 25 questions (Accumulated: 25)
  Fetched page 2: 25 questions (Accumulated: 50)
  Fetched page 3: 25 questions (Accumulated: 75)
  Fetched page 4: 25 questions (Accumulated: 100)
  Fetched page 5: 25 questions (Accumulated: 125)
  Fetched page 6: 25 questions (Accumulated: 150)
  Fetched page 7: 25 questions (Accumulated: 175)
  Fetched page 8: 25 questions (Accumulated: 200)
  Fetched page 9: 25 questions (Accumulated: 225)
  Fetched page 10: 25 questions (Accumulated: 250)
  Fetched page 11: 25 questions (Accumulated: 275)
  Fetched page 12: 25 questions (Accumulated: 300)
  Fetched page 13: 25 questions (Accumulated: 325)
  Fetched page 14: 25 questions (Accumulated: 350)
  Fetched page 15: 25 questions (Accumulated: 375)
  Fetched page 16: 25 questions (Accumulated: 400)
  Fetched page 17: 25 questions (Accumulated: 425)
  Fetched page 18: 25 questions (Accumulated: 450)
  Fetched page 19: 25 questions (Accumulated: 475)
  Fetched page 20: 25 questions (Accumulated: 500)
  Fetched page 21: 25 questions (Accumulated: 525)
  Fetched page 22: 25 questions (Accumulated: 550)
  Fetched page 23: 25 questions (Accumulated: 575)
  Fetched page 24: 25 questions (Accumulated: 600)
  Fetched page 25: 25 questions (Accumulated: 625)
  Fetched page 26: 25 questions (Accumulated: 650)
  Fetched page 27: 25 questions (Accumulated: 675)
  Fetched page 28: 25 questions (Accumulated: 700)
  Fetched page 29: 25 questions (Accumulated: 725)
  Fetched page 30: 25 questions (Accumulated: 750)
  Fetched page 31: 25 questions (Accumulated: 775)
  Fetched page 32: 25 questions (Accumulated: 800)
  Fetched page 33: 25 questions (Accumulated: 825)
  Fetched page 34: 25 questions (Accumulated: 850)
  Fetched page 35: 25 questions (Accumulated: 875)
  Fetched page 36: 25 questions (Accumulated: 900)
  Fetched page 37: 25 questions (Accumulated: 925)
  Fetched page 38: 25 questions (Accumulated: 950)
  Fetched page 39: 25 questions (Accumulated: 975)
  Fetched page 40: 25 questions (Accumulated: 1000)
  Fetched page 41: 25 questions (Accumulated: 1025)
  Fetched page 42: 25 questions (Accumulated: 1050)
  Fetched page 43: 25 questions (Accumulated: 1075)
  Fetched page 44: 25 questions (Accumulated: 1100)
  Fetched page 45: 25 questions (Accumulated: 1125)
  Fetched page 46: 25 questions (Accumulated: 1150)
  Fetched page 47: 25 questions (Accumulated: 1175)
  Fetched page 48: 25 questions (Accumulated: 1200)
  Fetched page 49: 25 questions (Accumulated: 1225)
  Fetched page 50: 25 questions (Accumulated: 1250)
  Fetched page 51: 25 questions (Accumulated: 1275)
  Fetched page 52: 25 questions (Accumulated: 1300)
  Fetched page 53: 25 questions (Accumulated: 1325)
  Fetched page 54: 25 questions (Accumulated: 1350)
  Fetched page 55: 25 questions (Accumulated: 1375)
  Fetched page 56: 25 questions (Accumulated: 1400)
  Fetched page 57: 25 questions (Accumulated: 1425)
  Fetched page 58: 25 questions (Accumulated: 1450)
  Fetched page 59: 25 questions (Accumulated: 1475)
  Fetched page 60: 25 questions (Accumulated: 1500)
  Fetched page 61: 25 questions (Accumulated: 1525)
  Fetched page 62: 25 questions (Accumulated: 1550)
  Fetched page 63: 25 questions (Accumulated: 1575)
  Fetched page 64: 25 questions (Accumulated: 1600)
  Fetched page 65: 25 questions (Accumulated: 1625)
  Fetched page 66: 25 questions (Accumulated: 1650)
Page 67 returned status 502. Ending stream.

Total questions downloaded for Medical Admission (MBBS): 1650
Identified 62 distinct Exam Sets / Years.

Created Exam Sheet: "Medical Admission (MBBS) - MAT+DAT-25-26" (95 questions)

Created Exam Sheet: "Medical Admission (MBBS) - MAT 24-25" (100 questions)

Created Exam Sheet: "Medical Admission (MBBS) - MAT 23-24" (85 questions)

Created Exam Sheet: "Medical Admission (MBBS) - JU D 19-20 SET A" (2 questions)

Created Exam Sheet: "Medical Admission (MBBS) - CU A 13-14" (2 questions)

Created Exam Sheet: "Medical Admission (MBBS) - MAT 19-20" (91 questions)

Created Exam Sheet: "Medical Admission (MBBS) - PUST A 17-18" (2 questions)

Created Exam Sheet: "Medical Admission (MBBS) - ইসহাক স্যার" (7 questions)

Created Exam Sheet: "Medical Admission (MBBS) - RU A 19-20  Group-1" (1 questions)

Created Exam Sheet: "Medical Admission (MBBS) - MAT 22-23" (88 questions)

Created Exam Sheet: "Medical Admission (MBBS) - RU A 18-19  Group-1" (1 questions)

Created Exam Sheet: "Medical Admission (MBBS) - DAT 22-23" (1 questions)

Created Exam Sheet: "Medical Admission (MBBS) - CU-A 19-20 Set-1" (1 questions)

Created Exam Sheet: "Medical Admission (MBBS) - RU H 15-16" (1 questions)

Created Exam Sheet: "Medical Admission (MBBS) - BUP FASS 20-21" (1 questions)

Created Exam Sheet: "Medical Admission (MBBS) - MAT 21-22" (89 questions)

Created Exam Sheet: "Medical Admission (MBBS) - JB 19" (2 questions)

Created Exam Sheet: "Medical Admission (MBBS) - IU D 19-20" (1 questions)

Created Exam Sheet: "Medical Admission (MBBS) - RU C 19-20 (Group-1)" (1 questions)

Created Exam Sheet: "Medical Admission (MBBS) - MAT 14-15" (77 questions)

Created Exam Sheet: "Medical Admission (MBBS) - NSTU C 18-19" (2 questions)

Created Exam Sheet: "Medical Admission (MBBS) - BUET 22-23" (1 questions)

Created Exam Sheet: "Medical Admission (MBBS) - DB 19" (1 questions)

Created Exam Sheet: "Medical Admission (MBBS) - MAT 20-21" (92 questions)

Created Exam Sheet: "Medical Admission (MBBS) - RU C 22-23 (SHIFT 1)" (1 questions)

Created Exam Sheet: "Medical Admission (MBBS) - RU C 21-22 (SET 2)" (1 questions)

Created Exam Sheet: "Medical Admission (MBBS) - RU C 17-18" (1 questions)

Created Exam Sheet: "Medical Admission (MBBS) - AGRI GST 19-20" (1 questions)

Created Exam Sheet: "Medical Admission (MBBS) - SAU 16-17" (1 questions)

Created Exam Sheet: "Medical Admission (MBBS) - CU-A 22-23 (Shift-4)" (1 questions)

Created Exam Sheet: "Medical Admission (MBBS) - AGRI GST 20-21" (2 questions)

Created Exam Sheet: "Medical Admission (MBBS) - MAT 18-19" (93 questions)

Created Exam Sheet: "Medical Admission (MBBS) - JU B 21-22 Set-L" (1 questions)

Created Exam Sheet: "Medical Admission (MBBS) - DAT 20-21" (3 questions)

Created Exam Sheet: "Medical Admission (MBBS) - RU C 20-21 (SET 2)" (1 questions)

Created Exam Sheet: "Medical Admission (MBBS) - MAT 17-18" (91 questions)

Created Exam Sheet: "Medical Admission (MBBS) - RU A 19-20 Group-2" (1 questions)

Created Exam Sheet: "Medical Admission (MBBS) - RU A 21-22 (Group-3)" (1 questions)

Created Exam Sheet: "Medical Admission (MBBS) - BB 22" (1 questions)

Created Exam Sheet: "Medical Admission (MBBS) - SYLAU 17-18" (2 questions)

Created Exam Sheet: "Medical Admission (MBBS) - MAT 15-16" (2 questions)

Created Exam Sheet: "Medical Admission (MBBS) - MAT 13-14" (79 questions)

Created Exam Sheet: "Medical Admission (MBBS) - MAT 12-13" (78 questions)

Created Exam Sheet: "Medical Admission (MBBS) - DAT 18-19" (2 questions)

Created Exam Sheet: "Medical Admission (MBBS) - MAT 0-1" (1 questions)

Created Exam Sheet: "Medical Admission (MBBS) - MAT 11-12" (65 questions)

Created Exam Sheet: "Medical Admission (MBBS) - MAT 03/04" (3 questions)

Created Exam Sheet: "Medical Admission (MBBS) - MAT 06-07" (82 questions)

Created Exam Sheet: "Medical Admission (MBBS) - MAT 09-10" (80 questions)

Created Exam Sheet: "Medical Admission (MBBS) - MAT 08-09" (82 questions)

Created Exam Sheet: "Medical Admission (MBBS) - NSTU B 18-19" (2 questions)

Created Exam Sheet: "Medical Admission (MBBS) - MAT 7-8" (88 questions)

Created Exam Sheet: "Medical Admission (MBBS) - MBSTU A 15-16" (1 questions)

Created Exam Sheet: "Medical Admission (MBBS) - MAT 5-6" (75 questions)

Created Exam Sheet: "Medical Admission (MBBS) - DPE 14" (1 questions)

Created Exam Sheet: "Medical Admission (MBBS) - NSTU A 19-20" (1 questions)

Created Exam Sheet: "Medical Admission (MBBS) - JUST A 15-16" (1 questions)

Created Exam Sheet: "Medical Admission (MBBS) - JUST 18-19" (1 questions)

Created Exam Sheet: "Medical Admission (MBBS) - BSMRSTU A 19-20" (1 questions)

Created Exam Sheet: "Medical Admission (MBBS) - MAT 4-5" (57 questions)
Failed to migrate image https://assets.chorcha.net/szhxA3qQVaXeOUIEwJwRA.png: 63 |             dataObject.message = dataObject.message ?? dataObject.Message ?? "UnknownError";
64 |             const synthetic = this.errorRegistry;
65 |             const baseExceptionSchema = synthetic.getBaseException();
66 |             if (baseExceptionSchema) {
67 |                 const ErrorCtor = synthetic.getErrorCtor(baseExceptionSchema) ?? Error;
68 |                 throw this.decorateServiceException(Object.assign(new ErrorCtor({ name: errorName }), errorMetadata), dataObject);
                                                                       ^
AuthorizationHeaderMalformed: Authorization header malformed, unexpected scope: '20261004/us-east-1/s3/aws4_request', expected: '20261004/garage/s3/aws4_request'
     $fault: "client",
 $retryable: undefined,
  $metadata: {
  httpStatusCode: 400,
  requestId: undefined,
  extendedRequestId: undefined,
  cfId: undefined,
  attempts: 1,
  totalRetryDelay: 0,
},
       Code: "AuthorizationHeaderMalformed",
   Resource: "/study/qb/images/01a10646-089d-7646-b2b3-b6a6971b3b2b.png",
     Region: "garage",

      at getErrorSchemaOrThrowBaseException (/root/paws.academy/node_modules/.bun/@aws-sdk+core@3.978.1/node_modules/@aws-sdk/core/dist-cjs/submodules/protocols/index.js:68:67)
      at handleError (/root/paws.academy/node_modules/.bun/@aws-sdk+core@3.978.1/node_modules/@aws-sdk/core/dist-cjs/submodules/protocols/index.js:2826:65)
      at deserializeResponse (/root/paws.academy/node_modules/.bun/@smithy+core@3.35.1/node_modules/@smithy/core/dist-cjs/submodules/protocols/index.js:406:24)

Failed to migrate image https://assets.chorcha.net/AKcvjFrKEMFWpN1VFrmDh.png: 63 |             dataObject.message = dataObject.message ?? dataObject.Message ?? "UnknownError";
64 |             const synthetic = this.errorRegistry;
65 |             const baseExceptionSchema = synthetic.getBaseException();
66 |             if (baseExceptionSchema) {
67 |                 const ErrorCtor = synthetic.getErrorCtor(baseExceptionSchema) ?? Error;
68 |                 throw this.decorateServiceException(Object.assign(new ErrorCtor({ name: errorName }), errorMetadata), dataObject);
                                                                       ^
AuthorizationHeaderMalformed: Authorization header malformed, unexpected scope: '20261004/us-east-1/s3/aws4_request', expected: '20261004/garage/s3/aws4_request'
     $fault: "client",
 $retryable: undefined,
  $metadata: {
  httpStatusCode: 400,
  requestId: undefined,
  extendedRequestId: undefined,
  cfId: undefined,
  attempts: 1,
  totalRetryDelay: 0,
},
       Code: "AuthorizationHeaderMalformed",
   Resource: "/study/qb/images/01a10646-0d62-74d5-a298-6eea29c6a2a4.png",
     Region: "garage",

      at getErrorSchemaOrThrowBaseException (/root/paws.academy/node_modules/.bun/@aws-sdk+core@3.978.1/node_modules/@aws-sdk/core/dist-cjs/submodules/protocols/index.js:68:67)
      at handleError (/root/paws.academy/node_modules/.bun/@aws-sdk+core@3.978.1/node_modules/@aws-sdk/core/dist-cjs/submodules/protocols/index.js:2826:65)
      at deserializeResponse (/root/paws.academy/node_modules/.bun/@smithy+core@3.35.1/node_modules/@smithy/core/dist-cjs/submodules/protocols/index.js:406:24)


Created Exam Sheet: "Medical Admission (MBBS) - BAU 15-16" (1 questions)

Created Exam Sheet: "Medical Admission (MBBS) - JnU A 15-16" (1 questions)

Completed ingestion for Medical Admission (MBBS)!

======================================================
>>> Starting Scraper for: Dental Admission (BDS) (ee-AWP10mv)
======================================================
Fetching topic hierarchy from Chorcha...
Chorcha nodes mapped: 11221
  Fetched page 1: 25 questions (Accumulated: 25)
  Fetched page 2: 25 questions (Accumulated: 50)
  Fetched page 3: 25 questions (Accumulated: 75)
  Fetched page 4: 25 questions (Accumulated: 100)
  Fetched page 5: 25 questions (Accumulated: 125)
  Fetched page 6: 25 questions (Accumulated: 150)
  Fetched page 7: 25 questions (Accumulated: 175)
  Fetched page 8: 25 questions (Accumulated: 200)
  Fetched page 9: 25 questions (Accumulated: 225)
  Fetched page 10: 25 questions (Accumulated: 250)
  Fetched page 11: 25 questions (Accumulated: 275)
  Fetched page 12: 25 questions (Accumulated: 300)
  Fetched page 13: 25 questions (Accumulated: 325)
  Fetched page 14: 25 questions (Accumulated: 350)
  Fetched page 15: 25 questions (Accumulated: 375)
  Fetched page 16: 25 questions (Accumulated: 400)
  Fetched page 17: 25 questions (Accumulated: 425)
  Fetched page 18: 25 questions (Accumulated: 450)
  Fetched page 19: 25 questions (Accumulated: 475)
  Fetched page 20: 25 questions (Accumulated: 500)
  Fetched page 21: 25 questions (Accumulated: 525)
  Fetched page 22: 25 questions (Accumulated: 550)
  Fetched page 23: 25 questions (Accumulated: 575)
  Fetched page 24: 25 questions (Accumulated: 600)
  Fetched page 25: 25 questions (Accumulated: 625)
  Fetched page 26: 25 questions (Accumulated: 650)
  Fetched page 27: 25 questions (Accumulated: 675)
  Fetched page 28: 25 questions (Accumulated: 700)
  Fetched page 29: 25 questions (Accumulated: 725)
  Fetched page 30: 25 questions (Accumulated: 750)
  Fetched page 31: 25 questions (Accumulated: 775)
  Fetched page 32: 25 questions (Accumulated: 800)
  Fetched page 33: 25 questions (Accumulated: 825)
  Fetched page 34: 25 questions (Accumulated: 850)
  Fetched page 35: 25 questions (Accumulated: 875)
  Fetched page 36: 25 questions (Accumulated: 900)
  Fetched page 37: 25 questions (Accumulated: 925)
  Fetched page 38: 25 questions (Accumulated: 950)
  Fetched page 39: 25 questions (Accumulated: 975)
  Fetched page 40: 25 questions (Accumulated: 1000)
  Fetched page 41: 25 questions (Accumulated: 1025)
  Fetched page 42: 25 questions (Accumulated: 1050)
  Fetched page 43: 25 questions (Accumulated: 1075)
  Fetched page 44: 25 questions (Accumulated: 1100)
  Fetched page 45: 25 questions (Accumulated: 1125)
  Fetched page 46: 25 questions (Accumulated: 1150)
  Fetched page 47: 25 questions (Accumulated: 1175)
  Fetched page 48: 25 questions (Accumulated: 1200)
  Fetched page 49: 25 questions (Accumulated: 1225)
  Fetched page 50: 25 questions (Accumulated: 1250)
  Fetched page 51: 25 questions (Accumulated: 1275)
  Fetched page 52: 25 questions (Accumulated: 1300)
  Fetched page 53: 25 questions (Accumulated: 1325)
  Fetched page 54: 25 questions (Accumulated: 1350)
  Fetched page 55: 25 questions (Accumulated: 1375)
  Fetched page 56: 25 questions (Accumulated: 1400)
  Fetched page 57: 25 questions (Accumulated: 1425)
  Fetched page 58: 25 questions (Accumulated: 1450)
  Fetched page 59: 25 questions (Accumulated: 1475)
  Fetched page 60: 25 questions (Accumulated: 1500)
  Fetched page 61: 25 questions (Accumulated: 1525)
  Fetched page 62: 25 questions (Accumulated: 1550)
  Fetched page 63: 25 questions (Accumulated: 1575)
  Fetched page 64: 25 questions (Accumulated: 1600)
  Fetched page 65: 25 questions (Accumulated: 1625)
  Fetched page 66: 25 questions (Accumulated: 1650)
  Fetched page 67: 25 questions (Accumulated: 1675)
  Fetched page 68: 25 questions (Accumulated: 1700)
  Fetched page 69: 25 questions (Accumulated: 1725)
  Fetched page 70: 25 questions (Accumulated: 1750)
  Fetched page 71: 25 questions (Accumulated: 1775)
  Fetched page 72: 25 questions (Accumulated: 1800)
  Fetched page 73: 25 questions (Accumulated: 1825)
  Fetched page 74: 25 questions (Accumulated: 1850)
  Fetched page 75: 25 questions (Accumulated: 1875)
  Fetched page 76: 25 questions (Accumulated: 1900)
  Fetched page 77: 12 questions (Accumulated: 1912)
No more questions on page 78. Total fetched: 1912

Total questions downloaded for Dental Admission (BDS): 1912
Identified 63 distinct Exam Sets / Years.

Created Exam Sheet: "Dental Admission (BDS) - DAT 23-24" (73 questions)
